// Jest Snapshot v1, https://goo.gl/fbAQLP

exports[`transform dependencies 1`] = `"var fn = function fn() {};"`;
